Copyright 1986-2017 Xilinx, Inc. All Rights Reserved.
--------------------------------------------------------------------------------------------------------------------------------------------------------------------------------------------------------------------------------
| Tool Version : Vivado v.2017.4 (win64) Build 2086221 Fri Dec 15 20:55:39 MST 2017
| Date         : Fri Jun  1 21:24:37 2018
| Host         : DESKTOP-V4T9AF7 running 64-bit major release  (build 9200)
| Command      : report_methodology -file top_level_verification_circuit_methodology_drc_routed.rpt -pb top_level_verification_circuit_methodology_drc_routed.pb -rpx top_level_verification_circuit_methodology_drc_routed.rpx
| Design       : top_level_verification_circuit
| Device       : xc7a100tcsg324-1
| Speed File   : -1
| Design State : Routed
--------------------------------------------------------------------------------------------------------------------------------------------------------------------------------------------------------------------------------

Report Methodology

Table of Contents
-----------------
1. REPORT SUMMARY
2. REPORT DETAILS

1. REPORT SUMMARY
-----------------
            Netlist: netlist
          Floorplan: design_1
      Design limits: <entire design considered>
             Max violations: <unlimited>
             Violations found: 57
+-----------+----------+-------------------------------+------------+
| Rule      | Severity | Description                   | Violations |
+-----------+----------+-------------------------------+------------+
| TIMING-17 | Warning  | Non-clocked sequential cell   | 3          |
| TIMING-18 | Warning  | Missing input or output delay | 4          |
| TIMING-20 | Warning  | Non-clocked latch             | 50         |
+-----------+----------+-------------------------------+------------+

2. REPORT DETAILS
-----------------
TIMING-17#1 Warning
Non-clocked sequential cell  
The clock pin gcd_ring1/ctrl1/ff_value_reg/C is not reached by a timing clock
Related violations: <none>

TIMING-17#2 Warning
Non-clocked sequential cell  
The clock pin gcd_ring1/ctrl2/ff_value_reg/C is not reached by a timing clock
Related violations: <none>

TIMING-17#3 Warning
Non-clocked sequential cell  
The clock pin gcd_ring1/ctrl3/ff_value_reg/C is not reached by a timing clock
Related violations: <none>

TIMING-18#1 Warning
Missing input or output delay  
An input delay is missing on reset relative to clock(s) sys_clk_pin
Related violations: <none>

TIMING-18#2 Warning
Missing input or output delay  
An input delay is missing on start_button relative to clock(s) sys_clk_pin
Related violations: <none>

TIMING-18#3 Warning
Missing input or output delay  
An output delay is missing on correct relative to clock(s) sys_clk_pin
Related violations: <none>

TIMING-18#4 Warning
Missing input or output delay  
An output delay is missing on start_gcd relative to clock(s) sys_clk_pin
Related violations: <none>

TIMING-20#1 Warning
Non-clocked latch  
The latch gcd_ring1/stage1_dataAin_reg[0] cannot be properly analyzed as its control pin gcd_ring1/stage1_dataAin_reg[0]/G is not reached by a timing clock
Related violations: <none>

TIMING-20#2 Warning
Non-clocked latch  
The latch gcd_ring1/stage1_dataAin_reg[1] cannot be properly analyzed as its control pin gcd_ring1/stage1_dataAin_reg[1]/G is not reached by a timing clock
Related violations: <none>

TIMING-20#3 Warning
Non-clocked latch  
The latch gcd_ring1/stage1_dataAin_reg[2] cannot be properly analyzed as its control pin gcd_ring1/stage1_dataAin_reg[2]/G is not reached by a timing clock
Related violations: <none>

TIMING-20#4 Warning
Non-clocked latch  
The latch gcd_ring1/stage1_dataAin_reg[3] cannot be properly analyzed as its control pin gcd_ring1/stage1_dataAin_reg[3]/G is not reached by a timing clock
Related violations: <none>

TIMING-20#5 Warning
Non-clocked latch  
The latch gcd_ring1/stage1_dataAin_reg[4] cannot be properly analyzed as its control pin gcd_ring1/stage1_dataAin_reg[4]/G is not reached by a timing clock
Related violations: <none>

TIMING-20#6 Warning
Non-clocked latch  
The latch gcd_ring1/stage1_dataAin_reg[5] cannot be properly analyzed as its control pin gcd_ring1/stage1_dataAin_reg[5]/G is not reached by a timing clock
Related violations: <none>

TIMING-20#7 Warning
Non-clocked latch  
The latch gcd_ring1/stage1_dataAin_reg[6] cannot be properly analyzed as its control pin gcd_ring1/stage1_dataAin_reg[6]/G is not reached by a timing clock
Related violations: <none>

TIMING-20#8 Warning
Non-clocked latch  
The latch gcd_ring1/stage1_dataAin_reg[7] cannot be properly analyzed as its control pin gcd_ring1/stage1_dataAin_reg[7]/G is not reached by a timing clock
Related violations: <none>

TIMING-20#9 Warning
Non-clocked latch  
The latch gcd_ring1/stage1_dataBin_reg[0] cannot be properly analyzed as its control pin gcd_ring1/stage1_dataBin_reg[0]/G is not reached by a timing clock
Related violations: <none>

TIMING-20#10 Warning
Non-clocked latch  
The latch gcd_ring1/stage1_dataBin_reg[1] cannot be properly analyzed as its control pin gcd_ring1/stage1_dataBin_reg[1]/G is not reached by a timing clock
Related violations: <none>

TIMING-20#11 Warning
Non-clocked latch  
The latch gcd_ring1/stage1_dataBin_reg[2] cannot be properly analyzed as its control pin gcd_ring1/stage1_dataBin_reg[2]/G is not reached by a timing clock
Related violations: <none>

TIMING-20#12 Warning
Non-clocked latch  
The latch gcd_ring1/stage1_dataBin_reg[3] cannot be properly analyzed as its control pin gcd_ring1/stage1_dataBin_reg[3]/G is not reached by a timing clock
Related violations: <none>

TIMING-20#13 Warning
Non-clocked latch  
The latch gcd_ring1/stage1_dataBin_reg[4] cannot be properly analyzed as its control pin gcd_ring1/stage1_dataBin_reg[4]/G is not reached by a timing clock
Related violations: <none>

TIMING-20#14 Warning
Non-clocked latch  
The latch gcd_ring1/stage1_dataBin_reg[5] cannot be properly analyzed as its control pin gcd_ring1/stage1_dataBin_reg[5]/G is not reached by a timing clock
Related violations: <none>

TIMING-20#15 Warning
Non-clocked latch  
The latch gcd_ring1/stage1_dataBin_reg[6] cannot be properly analyzed as its control pin gcd_ring1/stage1_dataBin_reg[6]/G is not reached by a timing clock
Related violations: <none>

TIMING-20#16 Warning
Non-clocked latch  
The latch gcd_ring1/stage1_dataBin_reg[7] cannot be properly analyzed as its control pin gcd_ring1/stage1_dataBin_reg[7]/G is not reached by a timing clock
Related violations: <none>

TIMING-20#17 Warning
Non-clocked latch  
The latch gcd_ring1/stage1_done_reg cannot be properly analyzed as its control pin gcd_ring1/stage1_done_reg/G is not reached by a timing clock
Related violations: <none>

TIMING-20#18 Warning
Non-clocked latch  
The latch gcd_ring1/stage2_dataAin_reg[0] cannot be properly analyzed as its control pin gcd_ring1/stage2_dataAin_reg[0]/G is not reached by a timing clock
Related violations: <none>

TIMING-20#19 Warning
Non-clocked latch  
The latch gcd_ring1/stage2_dataAin_reg[1] cannot be properly analyzed as its control pin gcd_ring1/stage2_dataAin_reg[1]/G is not reached by a timing clock
Related violations: <none>

TIMING-20#20 Warning
Non-clocked latch  
The latch gcd_ring1/stage2_dataAin_reg[2] cannot be properly analyzed as its control pin gcd_ring1/stage2_dataAin_reg[2]/G is not reached by a timing clock
Related violations: <none>

TIMING-20#21 Warning
Non-clocked latch  
The latch gcd_ring1/stage2_dataAin_reg[3] cannot be properly analyzed as its control pin gcd_ring1/stage2_dataAin_reg[3]/G is not reached by a timing clock
Related violations: <none>

TIMING-20#22 Warning
Non-clocked latch  
The latch gcd_ring1/stage2_dataAin_reg[4] cannot be properly analyzed as its control pin gcd_ring1/stage2_dataAin_reg[4]/G is not reached by a timing clock
Related violations: <none>

TIMING-20#23 Warning
Non-clocked latch  
The latch gcd_ring1/stage2_dataAin_reg[5] cannot be properly analyzed as its control pin gcd_ring1/stage2_dataAin_reg[5]/G is not reached by a timing clock
Related violations: <none>

TIMING-20#24 Warning
Non-clocked latch  
The latch gcd_ring1/stage2_dataAin_reg[6] cannot be properly analyzed as its control pin gcd_ring1/stage2_dataAin_reg[6]/G is not reached by a timing clock
Related violations: <none>

TIMING-20#25 Warning
Non-clocked latch  
The latch gcd_ring1/stage2_dataAin_reg[7] cannot be properly analyzed as its control pin gcd_ring1/stage2_dataAin_reg[7]/G is not reached by a timing clock
Related violations: <none>

TIMING-20#26 Warning
Non-clocked latch  
The latch gcd_ring1/stage2_dataBin_reg[0] cannot be properly analyzed as its control pin gcd_ring1/stage2_dataBin_reg[0]/G is not reached by a timing clock
Related violations: <none>

TIMING-20#27 Warning
Non-clocked latch  
The latch gcd_ring1/stage2_dataBin_reg[1] cannot be properly analyzed as its control pin gcd_ring1/stage2_dataBin_reg[1]/G is not reached by a timing clock
Related violations: <none>

TIMING-20#28 Warning
Non-clocked latch  
The latch gcd_ring1/stage2_dataBin_reg[2] cannot be properly analyzed as its control pin gcd_ring1/stage2_dataBin_reg[2]/G is not reached by a timing clock
Related violations: <none>

TIMING-20#29 Warning
Non-clocked latch  
The latch gcd_ring1/stage2_dataBin_reg[3] cannot be properly analyzed as its control pin gcd_ring1/stage2_dataBin_reg[3]/G is not reached by a timing clock
Related violations: <none>

TIMING-20#30 Warning
Non-clocked latch  
The latch gcd_ring1/stage2_dataBin_reg[4] cannot be properly analyzed as its control pin gcd_ring1/stage2_dataBin_reg[4]/G is not reached by a timing clock
Related violations: <none>

TIMING-20#31 Warning
Non-clocked latch  
The latch gcd_ring1/stage2_dataBin_reg[5] cannot be properly analyzed as its control pin gcd_ring1/stage2_dataBin_reg[5]/G is not reached by a timing clock
Related violations: <none>

TIMING-20#32 Warning
Non-clocked latch  
The latch gcd_ring1/stage2_dataBin_reg[6] cannot be properly analyzed as its control pin gcd_ring1/stage2_dataBin_reg[6]/G is not reached by a timing clock
Related violations: <none>

TIMING-20#33 Warning
Non-clocked latch  
The latch gcd_ring1/stage2_dataBin_reg[7] cannot be properly analyzed as its control pin gcd_ring1/stage2_dataBin_reg[7]/G is not reached by a timing clock
Related violations: <none>

TIMING-20#34 Warning
Non-clocked latch  
The latch gcd_ring1/stage3_dataA_reg[0] cannot be properly analyzed as its control pin gcd_ring1/stage3_dataA_reg[0]/G is not reached by a timing clock
Related violations: <none>

TIMING-20#35 Warning
Non-clocked latch  
The latch gcd_ring1/stage3_dataA_reg[1] cannot be properly analyzed as its control pin gcd_ring1/stage3_dataA_reg[1]/G is not reached by a timing clock
Related violations: <none>

TIMING-20#36 Warning
Non-clocked latch  
The latch gcd_ring1/stage3_dataA_reg[2] cannot be properly analyzed as its control pin gcd_ring1/stage3_dataA_reg[2]/G is not reached by a timing clock
Related violations: <none>

TIMING-20#37 Warning
Non-clocked latch  
The latch gcd_ring1/stage3_dataA_reg[3] cannot be properly analyzed as its control pin gcd_ring1/stage3_dataA_reg[3]/G is not reached by a timing clock
Related violations: <none>

TIMING-20#38 Warning
Non-clocked latch  
The latch gcd_ring1/stage3_dataA_reg[4] cannot be properly analyzed as its control pin gcd_ring1/stage3_dataA_reg[4]/G is not reached by a timing clock
Related violations: <none>

TIMING-20#39 Warning
Non-clocked latch  
The latch gcd_ring1/stage3_dataA_reg[5] cannot be properly analyzed as its control pin gcd_ring1/stage3_dataA_reg[5]/G is not reached by a timing clock
Related violations: <none>

TIMING-20#40 Warning
Non-clocked latch  
The latch gcd_ring1/stage3_dataA_reg[6] cannot be properly analyzed as its control pin gcd_ring1/stage3_dataA_reg[6]/G is not reached by a timing clock
Related violations: <none>

TIMING-20#41 Warning
Non-clocked latch  
The latch gcd_ring1/stage3_dataA_reg[7] cannot be properly analyzed as its control pin gcd_ring1/stage3_dataA_reg[7]/G is not reached by a timing clock
Related violations: <none>

TIMING-20#42 Warning
Non-clocked latch  
The latch gcd_ring1/stage3_dataB_reg[0] cannot be properly analyzed as its control pin gcd_ring1/stage3_dataB_reg[0]/G is not reached by a timing clock
Related violations: <none>

TIMING-20#43 Warning
Non-clocked latch  
The latch gcd_ring1/stage3_dataB_reg[1] cannot be properly analyzed as its control pin gcd_ring1/stage3_dataB_reg[1]/G is not reached by a timing clock
Related violations: <none>

TIMING-20#44 Warning
Non-clocked latch  
The latch gcd_ring1/stage3_dataB_reg[2] cannot be properly analyzed as its control pin gcd_ring1/stage3_dataB_reg[2]/G is not reached by a timing clock
Related violations: <none>

TIMING-20#45 Warning
Non-clocked latch  
The latch gcd_ring1/stage3_dataB_reg[3] cannot be properly analyzed as its control pin gcd_ring1/stage3_dataB_reg[3]/G is not reached by a timing clock
Related violations: <none>

TIMING-20#46 Warning
Non-clocked latch  
The latch gcd_ring1/stage3_dataB_reg[4] cannot be properly analyzed as its control pin gcd_ring1/stage3_dataB_reg[4]/G is not reached by a timing clock
Related violations: <none>

TIMING-20#47 Warning
Non-clocked latch  
The latch gcd_ring1/stage3_dataB_reg[5] cannot be properly analyzed as its control pin gcd_ring1/stage3_dataB_reg[5]/G is not reached by a timing clock
Related violations: <none>

TIMING-20#48 Warning
Non-clocked latch  
The latch gcd_ring1/stage3_dataB_reg[6] cannot be properly analyzed as its control pin gcd_ring1/stage3_dataB_reg[6]/G is not reached by a timing clock
Related violations: <none>

TIMING-20#49 Warning
Non-clocked latch  
The latch gcd_ring1/stage3_dataB_reg[7] cannot be properly analyzed as its control pin gcd_ring1/stage3_dataB_reg[7]/G is not reached by a timing clock
Related violations: <none>

TIMING-20#50 Warning
Non-clocked latch  
The latch gcd_ring1/stage3_done_reg cannot be properly analyzed as its control pin gcd_ring1/stage3_done_reg/G is not reached by a timing clock
Related violations: <none>


